
[Server] Database URL found, testing connection...
> web@0.1.0 start
[Server] Initializing NPC states
> chatplay-mafia@1.0.0 start
> WEB_PORT=$PORT npx tsx server.ts
> cd web && npm run start


npm warn config production Use `--omit=dev` instead.
npm warn config production Use `--omit=dev` instead.

[DB] Configuring database connection...
[Server] Starting...
npm warn config production Use `--omit=dev` instead.
 Detected additional lockfiles: 
   * /app/web/package-lock.json

ΓÜá Warning: Next.js inferred your workspace root, but it may not be correct.
 We detected multiple lockfiles and selected the directory of /app/package-lock.json as the root directory.
 To silence this warning, set `turbopack.root` in your Next.js config, or consider removing one of the lockfiles if it's not needed.
   See https://nextjs.org/docs/app/api-reference/config/next-config-js/turbopack#root-directory for more information.
Starting Container
> Ready on http://0.0.0.0:8080
[DB] Configuring database connection...
[DB] Connected to database!
[DB] Query result: { now: 2026-04-26T18:12:34.861Z }
[Server] Database OK, initializing tables...
[DB] Initializing database tables...
[DB] Tables created successfully
[DB] Connected to database!
[Auth] Send OTP error: ReferenceError: generateOtp is not defined
    at m (lib/auth.ts:44:18)
    at async o (app/api/auth/route.ts:23:24)
